// Jest Snapshot v1, https://goo.gl/fbAQLP

exports[`App Component Snapshots should matches the error state snapshot 1`] = `
<RCTSafeAreaView
  style={
    {
      "flex": 1,
      "padding": 20,
    }
  }
>
  <View
    style={
      {
        "padding": 20,
      }
    }
    testID="todo"
  >
    <TextInput
      onChangeText={[Function]}
      placeholder="Enter Todo"
      style={
        {
          "borderBottomWidth": 1,
          "marginBottom": 10,
          "padding": 8,
        }
      }
      value=""
    />
    <View
      accessibilityRole="button"
      accessibilityState={
        {
          "busy": undefined,
          "checked": undefined,
          "disabled": undefined,
          "expanded": undefined,
          "selected": undefined,
        }
      }
      accessibilityValue={
        {
          "max": undefined,
          "min": undefined,
          "now": undefined,
          "text": undefined,
        }
      }
      accessible={true}
      collapsable={false}
      focusable={true}
      onClick={[Function]}
      onResponderGrant={[Function]}
      onResponderMove={[Function]}
      onResponderRelease={[Function]}
      onResponderTerminate={[Function]}
      onResponderTerminationRequest={[Function]}
      onStartShouldSetResponder={[Function]}
      style={
        {
          "opacity": 1,
        }
      }
    >
      <View
        style={
          [
            {},
          ]
        }
      >
        <Text
          style={
            [
              {
                "color": "#007AFF",
                "fontSize": 18,
                "margin": 8,
                "textAlign": "center",
              },
              {
                "color": "green",
              },
            ]
          }
        >
          Add Todo
        </Text>
      </View>
    </View>
    <View
      style={
        {
          "alignItems": "center",
          "justifyContent": "center",
          "top": 300,
        }
      }
    >
      <Text
        style={
          {
            "fontSize": 28,
            "fontWeight": "700",
          }
        }
      >
        Loading.....
      </Text>
    </View>
  </View>
</RCTSafeAreaView>
`;

exports[`App Component Snapshots should matches the initial empty todos state snapshot 1`] = `
<RCTSafeAreaView
  style={
    {
      "flex": 1,
      "padding": 20,
    }
  }
>
  <View
    style={
      {
        "padding": 20,
      }
    }
    testID="todo"
  >
    <TextInput
      onChangeText={[Function]}
      placeholder="Enter Todo"
      style={
        {
          "borderBottomWidth": 1,
          "marginBottom": 10,
          "padding": 8,
        }
      }
      value=""
    />
    <View
      accessibilityRole="button"
      accessibilityState={
        {
          "busy": undefined,
          "checked": undefined,
          "disabled": undefined,
          "expanded": undefined,
          "selected": undefined,
        }
      }
      accessibilityValue={
        {
          "max": undefined,
          "min": undefined,
          "now": undefined,
          "text": undefined,
        }
      }
      accessible={true}
      collapsable={false}
      focusable={true}
      onClick={[Function]}
      onResponderGrant={[Function]}
      onResponderMove={[Function]}
      onResponderRelease={[Function]}
      onResponderTerminate={[Function]}
      onResponderTerminationRequest={[Function]}
      onStartShouldSetResponder={[Function]}
      style={
        {
          "opacity": 1,
        }
      }
    >
      <View
        style={
          [
            {},
          ]
        }
      >
        <Text
          style={
            [
              {
                "color": "#007AFF",
                "fontSize": 18,
                "margin": 8,
                "textAlign": "center",
              },
              {
                "color": "green",
              },
            ]
          }
        >
          Add Todo
        </Text>
      </View>
    </View>
    <View
      style={
        {
          "alignItems": "center",
          "justifyContent": "center",
          "top": 300,
        }
      }
    >
      <Text
        style={
          {
            "fontSize": 28,
            "fontWeight": "700",
          }
        }
      >
        Loading.....
      </Text>
    </View>
  </View>
</RCTSafeAreaView>
`;

exports[`App Component Snapshots should matches the loading state snapshot 1`] = `
<RCTSafeAreaView
  style={
    {
      "flex": 1,
      "padding": 20,
    }
  }
>
  <View
    style={
      {
        "padding": 20,
      }
    }
    testID="todo"
  >
    <TextInput
      onChangeText={[Function]}
      placeholder="Enter Todo"
      style={
        {
          "borderBottomWidth": 1,
          "marginBottom": 10,
          "padding": 8,
        }
      }
      value=""
    />
    <View
      accessibilityRole="button"
      accessibilityState={
        {
          "busy": undefined,
          "checked": undefined,
          "disabled": undefined,
          "expanded": undefined,
          "selected": undefined,
        }
      }
      accessibilityValue={
        {
          "max": undefined,
          "min": undefined,
          "now": undefined,
          "text": undefined,
        }
      }
      accessible={true}
      collapsable={false}
      focusable={true}
      onClick={[Function]}
      onResponderGrant={[Function]}
      onResponderMove={[Function]}
      onResponderRelease={[Function]}
      onResponderTerminate={[Function]}
      onResponderTerminationRequest={[Function]}
      onStartShouldSetResponder={[Function]}
      style={
        {
          "opacity": 1,
        }
      }
    >
      <View
        style={
          [
            {},
          ]
        }
      >
        <Text
          style={
            [
              {
                "color": "#007AFF",
                "fontSize": 18,
                "margin": 8,
                "textAlign": "center",
              },
              {
                "color": "green",
              },
            ]
          }
        >
          Add Todo
        </Text>
      </View>
    </View>
    <View
      style={
        {
          "alignItems": "center",
          "justifyContent": "center",
          "top": 300,
        }
      }
    >
      <Text
        style={
          {
            "fontSize": 28,
            "fontWeight": "700",
          }
        }
      >
        Loading.....
      </Text>
    </View>
  </View>
</RCTSafeAreaView>
`;

exports[`App Component Snapshots should matches the snapshot with todos 1`] = `
<RCTSafeAreaView
  style={
    {
      "flex": 1,
      "padding": 20,
    }
  }
>
  <View
    style={
      {
        "padding": 20,
      }
    }
    testID="todo"
  >
    <TextInput
      onChangeText={[Function]}
      placeholder="Enter Todo"
      style={
        {
          "borderBottomWidth": 1,
          "marginBottom": 10,
          "padding": 8,
        }
      }
      value=""
    />
    <View
      accessibilityRole="button"
      accessibilityState={
        {
          "busy": undefined,
          "checked": undefined,
          "disabled": undefined,
          "expanded": undefined,
          "selected": undefined,
        }
      }
      accessibilityValue={
        {
          "max": undefined,
          "min": undefined,
          "now": undefined,
          "text": undefined,
        }
      }
      accessible={true}
      collapsable={false}
      focusable={true}
      onClick={[Function]}
      onResponderGrant={[Function]}
      onResponderMove={[Function]}
      onResponderRelease={[Function]}
      onResponderTerminate={[Function]}
      onResponderTerminationRequest={[Function]}
      onStartShouldSetResponder={[Function]}
      style={
        {
          "opacity": 1,
        }
      }
    >
      <View
        style={
          [
            {},
          ]
        }
      >
        <Text
          style={
            [
              {
                "color": "#007AFF",
                "fontSize": 18,
                "margin": 8,
                "textAlign": "center",
              },
              {
                "color": "green",
              },
            ]
          }
        >
          Add Todo
        </Text>
      </View>
    </View>
    <View
      style={
        {
          "alignItems": "center",
          "justifyContent": "center",
          "top": 300,
        }
      }
    >
      <Text
        style={
          {
            "fontSize": 28,
            "fontWeight": "700",
          }
        }
      >
        Loading.....
      </Text>
    </View>
  </View>
</RCTSafeAreaView>
`;
